    PID TTY      STAT   TIME COMMAND
   5117 ?        Ss     0:00 /bin/sh -c php /var/www/www-root/data/www/progs.com/artisan schedule:run >> /var/www/www-root/data/www/progs.com/test.log
   5125 ?        S      1:48 php /var/www/www-root/data/www/progs.com/artisan schedule:run
   5161 ?        S      0:00 sh -c '/usr/bin/php8.3' 'artisan' app:tg_parse:specialist > '/var/www/www-root/data/www/progs.com/tg_parse_specialist_5.log' 2>&1
   5162 ?        S      2:53 /usr/bin/php8.3 artisan app:tg_parse:specialist
   5375 ?        Z      0:00 [sh] <defunct>
   5378 ?        Z      0:00 [sh] <defunct>
  46939 ?        Ss     0:00 /bin/sh -c php /var/www/www-root/data/www/progs.com/artisan schedule:run >> /var/www/www-root/data/www/progs.com/test.log
  46949 ?        S      1:13 php /var/www/www-root/data/www/progs.com/artisan schedule:run
  46985 ?        S      0:00 sh -c '/usr/bin/php8.3' 'artisan' app:tg_parse:specialist > '/var/www/www-root/data/www/progs.com/tg_parse_specialist_5.log' 2>&1
  46986 ?        S      1:56 /usr/bin/php8.3 artisan app:tg_parse:specialist
  46989 ?        Z      0:00 [sh] <defunct>
  46996 ?        Z      0:00 [sh] <defunct>
  47020 ?        Z      0:00 [sh] <defunct>
  47027 ?        Z      0:00 [sh] <defunct>
  47049 ?        Z      0:00 [sh] <defunct>
  47051 ?        Z      0:00 [sh] <defunct>
  47077 ?        Z      0:00 [sh] <defunct>
  47079 ?        Z      0:00 [sh] <defunct>
  47108 ?        Z      0:00 [sh] <defunct>
  47111 ?        Z      0:00 [sh] <defunct>
  47129 ?        Ss     0:00 /bin/sh -c php /var/www/www-root/data/www/progs.com/artisan schedule:run >> /var/www/www-root/data/www/progs.com/test.log
  47136 ?        S      1:12 php /var/www/www-root/data/www/progs.com/artisan schedule:run
  47197 ?        S      0:00 sh -c '/usr/bin/php8.3' 'artisan' app:tg_parse:specialist > '/var/www/www-root/data/www/progs.com/tg_parse_specialist.log' 2>&1
  47198 ?        S      1:57 /usr/bin/php8.3 artisan app:tg_parse:specialist
  47201 ?        Z      0:00 [sh] <defunct>
  47203 ?        Z      0:00 [sh] <defunct>
  47205 ?        Z      0:00 [sh] <defunct>
  47207 ?        Z      0:00 [sh] <defunct>
  47228 ?        Z      0:00 [sh] <defunct>
  47230 ?        Z      0:00 [sh] <defunct>
  47232 ?        Z      0:00 [sh] <defunct>
  47234 ?        Z      0:00 [sh] <defunct>
  47260 ?        Z      0:00 [sh] <defunct>
  47267 ?        Z      0:00 [sh] <defunct>
  47269 ?        Z      0:00 [sh] <defunct>
  47271 ?        Z      0:00 [sh] <defunct>
  47291 ?        Z      0:00 [sh] <defunct>
  47293 ?        Z      0:00 [sh] <defunct>
  47299 ?        Z      0:00 [sh] <defunct>
  47303 ?        Z      0:00 [sh] <defunct>
  47327 ?        Z      0:00 [sh] <defunct>
  47329 ?        Z      0:00 [sh] <defunct>
  47331 ?        Z      0:00 [sh] <defunct>
  47333 ?        Z      0:00 [sh] <defunct>
  47346 ?        Ss     0:00 /bin/sh -c php /var/www/www-root/data/www/progs.com/artisan schedule:run >> /var/www/www-root/data/www/progs.com/test.log
  47351 ?        S      1:11 php /var/www/www-root/data/www/progs.com/artisan schedule:run
  47390 ?        S      0:00 sh -c '/usr/bin/php8.3' 'artisan' app:tg_parse:specialist > '/var/www/www-root/data/www/progs.com/tg_parse_specialist_5.log' 2>&1
  47391 ?        S      1:55 /usr/bin/php8.3 artisan app:tg_parse:specialist
  47394 ?        Z      0:00 [sh] <defunct>
  47396 ?        Z      0:00 [sh] <defunct>
  47398 ?        Z      0:00 [sh] <defunct>
  47400 ?        Z      0:00 [sh] <defunct>
  47402 ?        Z      0:00 [sh] <defunct>
  47404 ?        Z      0:00 [sh] <defunct>
  47430 ?        Z      0:00 [sh] <defunct>
  47432 ?        Z      0:00 [sh] <defunct>
  47434 ?        Z      0:00 [sh] <defunct>
  47438 ?        Z      0:00 [sh] <defunct>
  47442 ?        Z      0:00 [sh] <defunct>
  47451 ?        Z      0:00 [sh] <defunct>
  47472 ?        Z      0:00 [sh] <defunct>
  47474 ?        Z      0:00 [sh] <defunct>
  47476 ?        Z      0:00 [sh] <defunct>
  47478 ?        Z      0:00 [sh] <defunct>
  47480 ?        Z      0:00 [sh] <defunct>
  47482 ?        Z      0:00 [sh] <defunct>
  47508 ?        Z      0:00 [sh] <defunct>
  47510 ?        Z      0:00 [sh] <defunct>
  47512 ?        Z      0:00 [sh] <defunct>
  47514 ?        Z      0:00 [sh] <defunct>
  47516 ?        Z      0:00 [sh] <defunct>
  47518 ?        Z      0:00 [sh] <defunct>
  47665 ?        Z      0:00 [sh] <defunct>
  47667 ?        Z      0:00 [sh] <defunct>
  47669 ?        Z      0:00 [sh] <defunct>
  47678 ?        Z      0:00 [sh] <defunct>
  47682 ?        Z      0:00 [sh] <defunct>
  47686 ?        Z      0:00 [sh] <defunct>
  47712 ?        Ss     0:00 /bin/sh -c php /var/www/www-root/data/www/progs.com/artisan schedule:run >> /var/www/www-root/data/www/progs.com/test.log
  47715 ?        S      1:11 php /var/www/www-root/data/www/progs.com/artisan schedule:run
  47767 ?        S      0:00 sh -c '/usr/bin/php8.3' 'artisan' app:tg_parse:specialist > '/var/www/www-root/data/www/progs.com/tg_parse_specialist_5.log' 2>&1
  47768 ?        S      1:55 /usr/bin/php8.3 artisan app:tg_parse:specialist
  47772 ?        Z      0:00 [sh] <defunct>
  47774 ?        Z      0:00 [sh] <defunct>
  47776 ?        Z      0:00 [sh] <defunct>
  47778 ?        Z      0:00 [sh] <defunct>
  47782 ?        Z      0:00 [sh] <defunct>
  47784 ?        Z      0:00 [sh] <defunct>
  47786 ?        Z      0:00 [sh] <defunct>
  47788 ?        Z      0:00 [sh] <defunct>
  48001 ?        Z      0:00 [sh] <defunct>
  48003 ?        Z      0:00 [sh] <defunct>
  48005 ?        Z      0:00 [sh] <defunct>
  48007 ?        Z      0:00 [sh] <defunct>
  48011 ?        Z      0:00 [sh] <defunct>
  48014 ?        Z      0:00 [sh] <defunct>
  48017 ?        Z      0:00 [sh] <defunct>
  48019 ?        Z      0:00 [sh] <defunct>
  48044 ?        Z      0:00 [sh] <defunct>
  48047 ?        Z      0:00 [sh] <defunct>
  48049 ?        Z      0:00 [sh] <defunct>
  48051 ?        Z      0:00 [sh] <defunct>
  48053 ?        Z      0:00 [sh] <defunct>
  48055 ?        Z      0:00 [sh] <defunct>
  48057 ?        Z      0:00 [sh] <defunct>
  48059 ?        Z      0:00 [sh] <defunct>
  48090 ?        Z      0:00 [sh] <defunct>
  48092 ?        Z      0:00 [sh] <defunct>
  48094 ?        Z      0:00 [sh] <defunct>
  48096 ?        Z      0:00 [sh] <defunct>
  48098 ?        Z      0:00 [sh] <defunct>
  48100 ?        Z      0:00 [sh] <defunct>
  48102 ?        Z      0:00 [sh] <defunct>
  48104 ?        Z      0:00 [sh] <defunct>
  48128 ?        Z      0:00 [sh] <defunct>
  48130 ?        Z      0:00 [sh] <defunct>
  48132 ?        Z      0:00 [sh] <defunct>
  48134 ?        Z      0:00 [sh] <defunct>
  48138 ?        Z      0:00 [sh] <defunct>
  48142 ?        Z      0:00 [sh] <defunct>
  48146 ?        Z      0:00 [sh] <defunct>
  48153 ?        Z      0:00 [sh] <defunct>
  48230 ?        Z      0:00 [sh] <defunct>
  48232 ?        Z      0:00 [sh] <defunct>
  48234 ?        Z      0:00 [sh] <defunct>
  48236 ?        Z      0:00 [sh] <defunct>
  48242 ?        Z      0:00 [sh] <defunct>
  48244 ?        Z      0:00 [sh] <defunct>
  48246 ?        Z      0:00 [sh] <defunct>
  48248 ?        Z      0:00 [sh] <defunct>
  48272 ?        Z      0:00 [sh] <defunct>
  48274 ?        Z      0:00 [sh] <defunct>
  48278 ?        Z      0:00 [sh] <defunct>
  48280 ?        Z      0:00 [sh] <defunct>
  48282 ?        Z      0:00 [sh] <defunct>
  48289 ?        Z      0:00 [sh] <defunct>
  48291 ?        Z      0:00 [sh] <defunct>
  48293 ?        Z      0:00 [sh] <defunct>
  48317 ?        Z      0:00 [sh] <defunct>
  48319 ?        Z      0:00 [sh] <defunct>
  48321 ?        Z      0:00 [sh] <defunct>
  48325 ?        Z      0:00 [sh] <defunct>
  48331 ?        Z      0:00 [sh] <defunct>
  48335 ?        Z      0:00 [sh] <defunct>
  48339 ?        Z      0:00 [sh] <defunct>
  48346 ?        Z      0:00 [sh] <defunct>
  48372 ?        Z      0:00 [sh] <defunct>
  48374 ?        Z      0:00 [sh] <defunct>
  48376 ?        Z      0:00 [sh] <defunct>
  48378 ?        Z      0:00 [sh] <defunct>
  48380 ?        Z      0:00 [sh] <defunct>
  48382 ?        Z      0:00 [sh] <defunct>
  48384 ?        Z      0:00 [sh] <defunct>
  48386 ?        Z      0:00 [sh] <defunct>
  48406 ?        Z      0:00 [sh] <defunct>
  48408 ?        Z      0:00 [sh] <defunct>
  48410 ?        Z      0:00 [sh] <defunct>
  48412 ?        Z      0:00 [sh] <defunct>
  48420 ?        Z      0:00 [sh] <defunct>
  48422 ?        Z      0:00 [sh] <defunct>
  48424 ?        Z      0:00 [sh] <defunct>
  48431 ?        Z      0:00 [sh] <defunct>
  48443 ?        Ss     0:00 /bin/sh -c php /var/www/www-root/data/www/progs.com/artisan schedule:run >> /var/www/www-root/data/www/progs.com/test.log
  48454 ?        S      1:12 php /var/www/www-root/data/www/progs.com/artisan schedule:run
  48488 ?        S      0:00 sh -c '/usr/bin/php8.3' 'artisan' app:tg_parse:specialist > '/var/www/www-root/data/www/progs.com/tg_parse_specialist_5.log' 2>&1
  48489 ?        S      1:55 /usr/bin/php8.3 artisan app:tg_parse:specialist
  48492 ?        Z      0:00 [sh] <defunct>
  48495 ?        Z      0:00 [sh] <defunct>
  48497 ?        Z      0:00 [sh] <defunct>
  48499 ?        Z      0:00 [sh] <defunct>
  48501 ?        Z      0:00 [sh] <defunct>
  48503 ?        Z      0:00 [sh] <defunct>
  48505 ?        Z      0:00 [sh] <defunct>
  48507 ?        Z      0:00 [sh] <defunct>
  48509 ?        Z      0:00 [sh] <defunct>
  48511 ?        Z      0:00 [sh] <defunct>
  48533 ?        Z      0:00 [sh] <defunct>
  48537 ?        Z      0:00 [sh] <defunct>
  48539 ?        Z      0:00 [sh] <defunct>
  48541 ?        Z      0:00 [sh] <defunct>
  48543 ?        Z      0:00 [sh] <defunct>
  48545 ?        Z      0:00 [sh] <defunct>
  48547 ?        Z      0:00 [sh] <defunct>
  48549 ?        Z      0:00 [sh] <defunct>
  48551 ?        Z      0:00 [sh] <defunct>
  48553 ?        Z      0:00 [sh] <defunct>
  48578 ?        Z      0:00 [sh] <defunct>
  48580 ?        Z      0:00 [sh] <defunct>
  48582 ?        Z      0:00 [sh] <defunct>
  48584 ?        Z      0:00 [sh] <defunct>
  48586 ?        Z      0:00 [sh] <defunct>
  48588 ?        Z      0:00 [sh] <defunct>
  48590 ?        Z      0:00 [sh] <defunct>
  48592 ?        Z      0:00 [sh] <defunct>
  48594 ?        Z      0:00 [sh] <defunct>
  48615 ?        Z      0:00 [sh] <defunct>
  48617 ?        Z      0:00 [sh] <defunct>
  48619 ?        Z      0:00 [sh] <defunct>
  48621 ?        Z      0:00 [sh] <defunct>
  48623 ?        Z      0:00 [sh] <defunct>
  48629 ?        Z      0:00 [sh] <defunct>
  48631 ?        Z      0:00 [sh] <defunct>
  48633 ?        Z      0:00 [sh] <defunct>
  48635 ?        Z      0:00 [sh] <defunct>
  48637 ?        Z      0:00 [sh] <defunct>
  48661 ?        Z      0:00 [sh] <defunct>
  48663 ?        Z      0:00 [sh] <defunct>
  48665 ?        Z      0:00 [sh] <defunct>
  48667 ?        Z      0:00 [sh] <defunct>
  48669 ?        Z      0:00 [sh] <defunct>
  48671 ?        Z      0:00 [sh] <defunct>
  48673 ?        Z      0:00 [sh] <defunct>
  48675 ?        Z      0:00 [sh] <defunct>
  48682 ?        Z      0:00 [sh] <defunct>
  48684 ?        Z      0:00 [sh] <defunct>
  48708 ?        Ss     0:00 /bin/sh -c php /var/www/www-root/data/www/progs.com/artisan schedule:run >> /var/www/www-root/data/www/progs.com/test.log
  48714 ?        S      1:11 php /var/www/www-root/data/www/progs.com/artisan schedule:run
  48741 ?        S      0:00 sh -c '/usr/bin/php8.3' 'artisan' app:tg_parse:specialist > '/var/www/www-root/data/www/progs.com/tg_parse_specialist_5.log' 2>&1
  48742 ?        S      1:56 /usr/bin/php8.3 artisan app:tg_parse:specialist
  48746 ?        Z      0:00 [sh] <defunct>
  48748 ?        Z      0:00 [sh] <defunct>
  48750 ?        Z      0:00 [sh] <defunct>
  48752 ?        Z      0:00 [sh] <defunct>
  48754 ?        Z      0:00 [sh] <defunct>
  48756 ?        Z      0:00 [sh] <defunct>
  48758 ?        Z      0:00 [sh] <defunct>
  48760 ?        Z      0:00 [sh] <defunct>
  48762 ?        Z      0:00 [sh] <defunct>
  48764 ?        Z      0:00 [sh] <defunct>
  48766 ?        Z      0:00 [sh] <defunct>
  48777 ?        Z      0:00 [sh] <defunct>
  48794 ?        Z      0:00 [sh] <defunct>
  48796 ?        Z      0:00 [sh] <defunct>
  48798 ?        Z      0:00 [sh] <defunct>
  48800 ?        Z      0:00 [sh] <defunct>
  48802 ?        Z      0:00 [sh] <defunct>
  48805 ?        Z      0:00 [sh] <defunct>
  48807 ?        Z      0:00 [sh] <defunct>
  48809 ?        Z      0:00 [sh] <defunct>
  48811 ?        Z      0:00 [sh] <defunct>
  48813 ?        Z      0:00 [sh] <defunct>
  48815 ?        Z      0:00 [sh] <defunct>
  48835 ?        Z      0:00 [sh] <defunct>
  48837 ?        Z      0:00 [sh] <defunct>
  48839 ?        Z      0:00 [sh] <defunct>
  48841 ?        Z      0:00 [sh] <defunct>
  48843 ?        Z      0:00 [sh] <defunct>
  48845 ?        Z      0:00 [sh] <defunct>
  48847 ?        Z      0:00 [sh] <defunct>
  48849 ?        Z      0:00 [sh] <defunct>
  48851 ?        Z      0:00 [sh] <defunct>
  48853 ?        Z      0:00 [sh] <defunct>
  48855 ?        Z      0:00 [sh] <defunct>
  48862 ?        Z      0:00 [sh] <defunct>
  48887 ?        Z      0:00 [sh] <defunct>
  48889 ?        Z      0:00 [sh] <defunct>
  48891 ?        Z      0:00 [sh] <defunct>
  48893 ?        Z      0:00 [sh] <defunct>
  48896 ?        Z      0:00 [sh] <defunct>
  48898 ?        Z      0:00 [sh] <defunct>
  48900 ?        Z      0:00 [sh] <defunct>
  48902 ?        Z      0:00 [sh] <defunct>
  48904 ?        Z      0:00 [sh] <defunct>
  48906 ?        Z      0:00 [sh] <defunct>
  48908 ?        Z      0:00 [sh] <defunct>
  48910 ?        Z      0:00 [sh] <defunct>
  48931 ?        Z      0:00 [sh] <defunct>
  48933 ?        Z      0:00 [sh] <defunct>
  48935 ?        Z      0:00 [sh] <defunct>
  48937 ?        Z      0:00 [sh] <defunct>
  48939 ?        Z      0:00 [sh] <defunct>
  48941 ?        Z      0:00 [sh] <defunct>
  48943 ?        Z      0:00 [sh] <defunct>
  48945 ?        Z      0:00 [sh] <defunct>
  48947 ?        Z      0:00 [sh] <defunct>
  48949 ?        Z      0:00 [sh] <defunct>
  48951 ?        Z      0:00 [sh] <defunct>
  48953 ?        Z      0:00 [sh] <defunct>
  48994 ?        Ss     0:00 /bin/sh -c php /var/www/www-root/data/www/progs.com/artisan schedule:run >> /var/www/www-root/data/www/progs.com/test.log
  48998 ?        S      1:11 php /var/www/www-root/data/www/progs.com/artisan schedule:run
  49018 ?        S      0:00 sh -c '/usr/bin/php8.3' 'artisan' app:tg_parse:specialist > '/var/www/www-root/data/www/progs.com/tg_parse_specialist_5.log' 2>&1
  49019 ?        S      1:55 /usr/bin/php8.3 artisan app:tg_parse:specialist
  49022 ?        Z      0:00 [sh] <defunct>
  49024 ?        Z      0:00 [sh] <defunct>
  49026 ?        Z      0:00 [sh] <defunct>
  49028 ?        Z      0:00 [sh] <defunct>
  49030 ?        Z      0:00 [sh] <defunct>
  49032 ?        Z      0:00 [sh] <defunct>
  49034 ?        Z      0:00 [sh] <defunct>
  49036 ?        Z      0:00 [sh] <defunct>
  49038 ?        Z      0:00 [sh] <defunct>
  49040 ?        Z      0:00 [sh] <defunct>
  49042 ?        Z      0:00 [sh] <defunct>
  49044 ?        Z      0:00 [sh] <defunct>
  49046 ?        Z      0:00 [sh] <defunct>
  49048 ?        Z      0:00 [sh] <defunct>
  49068 ?        Z      0:00 [sh] <defunct>
  49070 ?        Z      0:00 [sh] <defunct>
  49072 ?        Z      0:00 [sh] <defunct>
  49074 ?        Z      0:00 [sh] <defunct>
  49076 ?        Z      0:00 [sh] <defunct>
  49078 ?        Z      0:00 [sh] <defunct>
  49080 ?        Z      0:00 [sh] <defunct>
  49082 ?        Z      0:00 [sh] <defunct>
  49084 ?        Z      0:00 [sh] <defunct>
  49086 ?        Z      0:00 [sh] <defunct>
  49088 ?        Z      0:00 [sh] <defunct>
  49090 ?        Z      0:00 [sh] <defunct>
  49093 ?        Z      0:00 [sh] <defunct>
  49096 ?        Z      0:00 [sh] <defunct>
  49120 ?        Z      0:00 [sh] <defunct>
  49122 ?        Z      0:00 [sh] <defunct>
  49124 ?        Z      0:00 [sh] <defunct>
  49128 ?        Z      0:00 [sh] <defunct>
  49130 ?        Z      0:00 [sh] <defunct>
  49133 ?        Z      0:00 [sh] <defunct>
  49136 ?        Z      0:00 [sh] <defunct>
  49143 ?        Z      0:00 [sh] <defunct>
  49145 ?        Z      0:00 [sh] <defunct>
  49147 ?        Z      0:00 [sh] <defunct>
  49149 ?        Z      0:00 [sh] <defunct>
  49151 ?        Z      0:00 [sh] <defunct>
  49153 ?        Z      0:00 [sh] <defunct>
  49174 ?        Z      0:00 [sh] <defunct>
  49176 ?        Z      0:00 [sh] <defunct>
  49178 ?        Z      0:00 [sh] <defunct>
  49180 ?        Z      0:00 [sh] <defunct>
  49182 ?        Z      0:00 [sh] <defunct>
  49184 ?        Z      0:00 [sh] <defunct>
  49186 ?        Z      0:00 [sh] <defunct>
  49192 ?        Z      0:00 [sh] <defunct>
  49194 ?        Z      0:00 [sh] <defunct>
  49196 ?        Z      0:00 [sh] <defunct>
  49198 ?        Z      0:00 [sh] <defunct>
  49200 ?        Z      0:00 [sh] <defunct>
  49202 ?        Z      0:00 [sh] <defunct>
  49204 ?        Z      0:00 [sh] <defunct>
  49229 ?        Z      0:00 [sh] <defunct>
  49231 ?        Z      0:00 [sh] <defunct>
  49233 ?        Z      0:00 [sh] <defunct>
  49235 ?        Z      0:00 [sh] <defunct>
  49237 ?        Z      0:00 [sh] <defunct>
  49239 ?        Z      0:00 [sh] <defunct>
  49241 ?        Z      0:00 [sh] <defunct>
  49244 ?        Z      0:00 [sh] <defunct>
  49246 ?        Z      0:00 [sh] <defunct>
  49248 ?        Z      0:00 [sh] <defunct>
  49250 ?        Z      0:00 [sh] <defunct>
  49252 ?        Z      0:00 [sh] <defunct>
  49254 ?        Z      0:00 [sh] <defunct>
  49256 ?        Z      0:00 [sh] <defunct>
  49285 ?        Ss     0:00 /bin/sh -c php /var/www/www-root/data/www/progs.com/artisan schedule:run >> /var/www/www-root/data/www/progs.com/test.log
  49294 ?        S      1:11 php /var/www/www-root/data/www/progs.com/artisan schedule:run
  49312 ?        S      0:00 sh -c '/usr/bin/php8.3' 'artisan' app:tg_parse:specialist > '/var/www/www-root/data/www/progs.com/tg_parse_specialist_5.log' 2>&1
  49313 ?        S      1:54 /usr/bin/php8.3 artisan app:tg_parse:specialist
  49316 ?        Z      0:00 [sh] <defunct>
  49319 ?        Z      0:00 [sh] <defunct>
  49321 ?        Z      0:00 [sh] <defunct>
  49323 ?        Z      0:00 [sh] <defunct>
  49325 ?        Z      0:00 [sh] <defunct>
  49327 ?        Z      0:00 [sh] <defunct>
  49329 ?        Z      0:00 [sh] <defunct>
  49331 ?        Z      0:00 [sh] <defunct>
  49333 ?        Z      0:00 [sh] <defunct>
  49335 ?        Z      0:00 [sh] <defunct>
  49337 ?        Z      0:00 [sh] <defunct>
  49339 ?        Z      0:00 [sh] <defunct>
  49341 ?        Z      0:00 [sh] <defunct>
  49343 ?        Z      0:00 [sh] <defunct>
  49345 ?        Z      0:00 [sh] <defunct>
  49347 ?        Z      0:00 [sh] <defunct>
  49373 ?        Z      0:00 [sh] <defunct>
  49375 ?        Z      0:00 [sh] <defunct>
  49377 ?        Z      0:00 [sh] <defunct>
  49379 ?        Z      0:00 [sh] <defunct>
  49381 ?        Z      0:00 [sh] <defunct>
  49383 ?        Z      0:00 [sh] <defunct>
  49385 ?        Z      0:00 [sh] <defunct>
  49387 ?        Z      0:00 [sh] <defunct>
  49389 ?        Z      0:00 [sh] <defunct>
  49391 ?        Z      0:00 [sh] <defunct>
  49393 ?        Z      0:00 [sh] <defunct>
  49395 ?        Z      0:00 [sh] <defunct>
  49397 ?        Z      0:00 [sh] <defunct>
  49399 ?        Z      0:00 [sh] <defunct>
  49401 ?        Z      0:00 [sh] <defunct>
  49403 ?        Z      0:00 [sh] <defunct>
  49424 ?        Z      0:00 [sh] <defunct>
  49426 ?        Z      0:00 [sh] <defunct>
  49428 ?        Z      0:00 [sh] <defunct>
  49430 ?        Z      0:00 [sh] <defunct>
  49432 ?        Z      0:00 [sh] <defunct>
  49434 ?        Z      0:00 [sh] <defunct>
  49436 ?        Z      0:00 [sh] <defunct>
  49440 ?        Z      0:00 [sh] <defunct>
  49442 ?        Z      0:00 [sh] <defunct>
  49446 ?        Z      0:00 [sh] <defunct>
  49450 ?        Z      0:00 [sh] <defunct>
  49457 ?        Z      0:00 [sh] <defunct>
  49459 ?        Z      0:00 [sh] <defunct>
  49461 ?        Z      0:00 [sh] <defunct>
  49463 ?        Z      0:00 [sh] <defunct>
  49487 ?        Z      0:00 [sh] <defunct>
  49491 ?        Z      0:00 [sh] <defunct>
  49493 ?        Z      0:00 [sh] <defunct>
  49495 ?        Z      0:00 [sh] <defunct>
  49497 ?        Z      0:00 [sh] <defunct>
  49499 ?        Z      0:00 [sh] <defunct>
  49501 ?        Z      0:00 [sh] <defunct>
  49503 ?        Z      0:00 [sh] <defunct>
  49505 ?        Z      0:00 [sh] <defunct>
  49507 ?        Z      0:00 [sh] <defunct>
  49509 ?        Z      0:00 [sh] <defunct>
  49511 ?        Z      0:00 [sh] <defunct>
  49513 ?        Z      0:00 [sh] <defunct>
  49515 ?        Z      0:00 [sh] <defunct>
  49517 ?        Z      0:00 [sh] <defunct>
  49519 ?        Z      0:00 [sh] <defunct>
  49671 ?        Z      0:00 [sh] <defunct>
  49675 ?        Z      0:00 [sh] <defunct>
  49678 ?        Z      0:00 [sh] <defunct>
  49681 ?        Z      0:00 [sh] <defunct>
  49685 ?        Z      0:00 [sh] <defunct>
  49687 ?        Z      0:00 [sh] <defunct>
  49694 ?        Z      0:00 [sh] <defunct>
  49696 ?        Z      0:00 [sh] <defunct>
  49698 ?        Z      0:00 [sh] <defunct>
  49700 ?        Z      0:00 [sh] <defunct>
  49702 ?        Z      0:00 [sh] <defunct>
  49704 ?        Z      0:00 [sh] <defunct>
  49706 ?        Z      0:00 [sh] <defunct>
  49708 ?        Z      0:00 [sh] <defunct>
  49710 ?        Z      0:00 [sh] <defunct>
  49712 ?        Z      0:00 [sh] <defunct>
  49789 ?        Z      0:00 [sh] <defunct>
  49791 ?        Z      0:00 [sh] <defunct>
  49793 ?        Z      0:00 [sh] <defunct>
  49795 ?        Z      0:00 [sh] <defunct>
  49797 ?        Z      0:00 [sh] <defunct>
  49799 ?        Z      0:00 [sh] <defunct>
  49801 ?        Z      0:00 [sh] <defunct>
  49803 ?        Z      0:00 [sh] <defunct>
  49805 ?        Z      0:00 [sh] <defunct>
  49807 ?        Z      0:00 [sh] <defunct>
  49809 ?        Z      0:00 [sh] <defunct>
  49811 ?        Z      0:00 [sh] <defunct>
  49813 ?        Z      0:00 [sh] <defunct>
  49815 ?        Z      0:00 [sh] <defunct>
  49817 ?        Z      0:00 [sh] <defunct>
  49819 ?        Z      0:00 [sh] <defunct>
  49841 ?        Z      0:00 [sh] <defunct>
  49843 ?        Z      0:00 [sh] <defunct>
  49845 ?        Z      0:00 [sh] <defunct>
  49847 ?        Z      0:00 [sh] <defunct>
  49849 ?        Z      0:00 [sh] <defunct>
  49851 ?        Z      0:00 [sh] <defunct>
  49853 ?        Z      0:00 [sh] <defunct>
  49855 ?        Z      0:00 [sh] <defunct>
  49857 ?        Z      0:00 [sh] <defunct>
  49859 ?        Z      0:00 [sh] <defunct>
  49861 ?        Z      0:00 [sh] <defunct>
  49863 ?        Z      0:00 [sh] <defunct>
  49865 ?        Z      0:00 [sh] <defunct>
  49867 ?        Z      0:00 [sh] <defunct>
  49869 ?        Z      0:00 [sh] <defunct>
  49871 ?        Z      0:00 [sh] <defunct>
  49895 ?        Z      0:00 [sh] <defunct>
  49897 ?        Z      0:00 [sh] <defunct>
  49899 ?        Z      0:00 [sh] <defunct>
  49901 ?        Z      0:00 [sh] <defunct>
  49903 ?        Z      0:00 [sh] <defunct>
  49905 ?        Z      0:00 [sh] <defunct>
  49907 ?        Z      0:00 [sh] <defunct>
  49909 ?        Z      0:00 [sh] <defunct>
  49916 ?        Z      0:00 [sh] <defunct>
  49918 ?        Z      0:00 [sh] <defunct>
  49920 ?        Z      0:00 [sh] <defunct>
  49922 ?        Z      0:00 [sh] <defunct>
  49924 ?        Z      0:00 [sh] <defunct>
  49926 ?        Z      0:00 [sh] <defunct>
  49928 ?        Z      0:00 [sh] <defunct>
  49930 ?        Z      0:00 [sh] <defunct>
  49950 ?        Z      0:00 [sh] <defunct>
  49952 ?        Z      0:00 [sh] <defunct>
  49954 ?        Z      0:00 [sh] <defunct>
  49956 ?        Z      0:00 [sh] <defunct>
  49958 ?        Z      0:00 [sh] <defunct>
  49960 ?        Z      0:00 [sh] <defunct>
  49962 ?        Z      0:00 [sh] <defunct>
  49964 ?        Z      0:00 [sh] <defunct>
  49966 ?        Z      0:00 [sh] <defunct>
  49968 ?        Z      0:00 [sh] <defunct>
  49970 ?        Z      0:00 [sh] <defunct>
  49972 ?        Z      0:00 [sh] <defunct>
  49974 ?        Z      0:00 [sh] <defunct>
  49976 ?        Z      0:00 [sh] <defunct>
  49978 ?        Z      0:00 [sh] <defunct>
  49980 ?        Z      0:00 [sh] <defunct>
  50005 ?        Z      0:00 [sh] <defunct>
  50007 ?        Z      0:00 [sh] <defunct>
  50009 ?        Z      0:00 [sh] <defunct>
  50011 ?        Z      0:00 [sh] <defunct>
  50013 ?        Z      0:00 [sh] <defunct>
  50015 ?        Z      0:00 [sh] <defunct>
  50017 ?        Z      0:00 [sh] <defunct>
  50019 ?        Z      0:00 [sh] <defunct>
  50021 ?        Z      0:00 [sh] <defunct>
  50023 ?        Z      0:00 [sh] <defunct>
  50025 ?        Z      0:00 [sh] <defunct>
  50027 ?        Z      0:00 [sh] <defunct>
  50029 ?        Z      0:00 [sh] <defunct>
  50031 ?        Z      0:00 [sh] <defunct>
  50033 ?        Z      0:00 [sh] <defunct>
  50035 ?        Z      0:00 [sh] <defunct>
  50115 ?        Z      0:00 [sh] <defunct>
  50117 ?        Z      0:00 [sh] <defunct>
  50119 ?        Z      0:00 [sh] <defunct>
  50121 ?        Z      0:00 [sh] <defunct>
  50123 ?        Z      0:00 [sh] <defunct>
  50125 ?        Z      0:00 [sh] <defunct>
  50127 ?        Z      0:00 [sh] <defunct>
  50129 ?        Z      0:00 [sh] <defunct>
  50131 ?        Z      0:00 [sh] <defunct>
  50133 ?        Z      0:00 [sh] <defunct>
  50135 ?        Z      0:00 [sh] <defunct>
  50137 ?        Z      0:00 [sh] <defunct>
  50139 ?        Z      0:00 [sh] <defunct>
  50141 ?        Z      0:00 [sh] <defunct>
  50143 ?        Z      0:00 [sh] <defunct>
  50145 ?        Z      0:00 [sh] <defunct>
  50178 ?        Z      0:00 [sh] <defunct>
  50180 ?        Z      0:00 [sh] <defunct>
  50182 ?        Z      0:00 [sh] <defunct>
  50184 ?        Z      0:00 [sh] <defunct>
  50186 ?        Z      0:00 [sh] <defunct>
  50188 ?        Z      0:00 [sh] <defunct>
  50190 ?        Z      0:00 [sh] <defunct>
  50192 ?        Z      0:00 [sh] <defunct>
  50194 ?        Z      0:00 [sh] <defunct>
  50196 ?        Z      0:00 [sh] <defunct>
  50200 ?        Z      0:00 [sh] <defunct>
  50202 ?        Z      0:00 [sh] <defunct>
  50205 ?        Z      0:00 [sh] <defunct>
  50208 ?        Z      0:00 [sh] <defunct>
  50210 ?        Z      0:00 [sh] <defunct>
  50214 ?        Z      0:00 [sh] <defunct>
  50239 ?        Z      0:00 [sh] <defunct>
  50241 ?        Z      0:00 [sh] <defunct>
  50243 ?        Z      0:00 [sh] <defunct>
  50245 ?        Z      0:00 [sh] <defunct>
  50247 ?        Z      0:00 [sh] <defunct>
  50249 ?        Z      0:00 [sh] <defunct>
  50251 ?        Z      0:00 [sh] <defunct>
  50253 ?        Z      0:00 [sh] <defunct>
  50260 ?        Z      0:00 [sh] <defunct>
  50262 ?        Z      0:00 [sh] <defunct>
  50264 ?        Z      0:00 [sh] <defunct>
  50266 ?        Z      0:00 [sh] <defunct>
  50268 ?        Z      0:00 [sh] <defunct>
  50270 ?        Z      0:00 [sh] <defunct>
  50272 ?        Z      0:00 [sh] <defunct>
  50296 ?        Z      0:00 [sh] <defunct>
  50298 ?        Z      0:00 [sh] <defunct>
  50300 ?        Z      0:00 [sh] <defunct>
  50302 ?        Z      0:00 [sh] <defunct>
  50304 ?        Z      0:00 [sh] <defunct>
  50306 ?        Z      0:00 [sh] <defunct>
  50308 ?        Z      0:00 [sh] <defunct>
  50310 ?        Z      0:00 [sh] <defunct>
  50312 ?        Z      0:00 [sh] <defunct>
  50314 ?        Z      0:00 [sh] <defunct>
  50316 ?        Z      0:00 [sh] <defunct>
  50318 ?        Z      0:00 [sh] <defunct>
  50320 ?        Z      0:00 [sh] <defunct>
  50322 ?        Z      0:00 [sh] <defunct>
  50324 ?        Z      0:00 [sh] <defunct>
  50326 ?        Z      0:00 [sh] <defunct>
  50348 ?        Z      0:00 [sh] <defunct>
  50352 ?        Z      0:00 [sh] <defunct>
  50354 ?        Z      0:00 [sh] <defunct>
  50362 ?        Z      0:00 [sh] <defunct>
  50364 ?        Z      0:00 [sh] <defunct>
  50366 ?        Z      0:00 [sh] <defunct>
  50368 ?        Z      0:00 [sh] <defunct>
  50370 ?        Z      0:00 [sh] <defunct>
  50372 ?        Z      0:00 [sh] <defunct>
  50374 ?        Z      0:00 [sh] <defunct>
  50376 ?        Z      0:00 [sh] <defunct>
  50378 ?        Z      0:00 [sh] <defunct>
  50380 ?        Z      0:00 [sh] <defunct>
  50382 ?        Z      0:00 [sh] <defunct>
  50384 ?        Z      0:00 [sh] <defunct>
  50386 ?        Z      0:00 [sh] <defunct>
  50465 ?        Z      0:00 [sh] <defunct>
  50471 ?        Z      0:00 [sh] <defunct>
  50475 ?        Z      0:00 [sh] <defunct>
  50477 ?        Z      0:00 [sh] <defunct>
  50481 ?        Z      0:00 [sh] <defunct>
  50483 ?        Z      0:00 [sh] <defunct>
  50487 ?        Z      0:00 [sh] <defunct>
  50489 ?        Z      0:00 [sh] <defunct>
  50496 ?        Z      0:00 [sh] <defunct>
  50498 ?        Z      0:00 [sh] <defunct>
  50500 ?        Z      0:00 [sh] <defunct>
  50502 ?        Z      0:00 [sh] <defunct>
  50506 ?        Z      0:00 [sh] <defunct>
  50508 ?        Z      0:00 [sh] <defunct>
  50510 ?        Z      0:00 [sh] <defunct>
  50530 ?        Z      0:00 [sh] <defunct>
  50532 ?        Z      0:00 [sh] <defunct>
  50534 ?        Z      0:00 [sh] <defunct>
  50536 ?        Z      0:00 [sh] <defunct>
  50538 ?        Z      0:00 [sh] <defunct>
  50540 ?        Z      0:00 [sh] <defunct>
  50542 ?        Z      0:00 [sh] <defunct>
  50544 ?        Z      0:00 [sh] <defunct>
  50546 ?        Z      0:00 [sh] <defunct>
  50548 ?        Z      0:00 [sh] <defunct>
  50550 ?        Z      0:00 [sh] <defunct>
  50552 ?        Z      0:00 [sh] <defunct>
  50554 ?        Z      0:00 [sh] <defunct>
  50556 ?        Z      0:00 [sh] <defunct>
  50558 ?        Z      0:00 [sh] <defunct>
  50560 ?        Z      0:00 [sh] <defunct>
  50584 ?        Z      0:00 [sh] <defunct>
  50586 ?        Z      0:00 [sh] <defunct>
  50588 ?        Z      0:00 [sh] <defunct>
  50590 ?        Z      0:00 [sh] <defunct>
  50592 ?        Z      0:00 [sh] <defunct>
  50594 ?        Z      0:00 [sh] <defunct>
  50596 ?        Z      0:00 [sh] <defunct>
  50598 ?        Z      0:00 [sh] <defunct>
  50600 ?        Z      0:00 [sh] <defunct>
  50602 ?        Z      0:00 [sh] <defunct>
  50605 ?        Z      0:00 [sh] <defunct>
  50607 ?        Z      0:00 [sh] <defunct>
  50609 ?        Z      0:00 [sh] <defunct>
  50611 ?        Z      0:00 [sh] <defunct>
  50613 ?        Z      0:00 [sh] <defunct>
  50634 ?        Z      0:00 [sh] <defunct>
  50636 ?        Z      0:00 [sh] <defunct>
  50638 ?        Z      0:00 [sh] <defunct>
  50640 ?        Z      0:00 [sh] <defunct>
  50642 ?        Z      0:00 [sh] <defunct>
  50644 ?        Z      0:00 [sh] <defunct>
  50646 ?        Z      0:00 [sh] <defunct>
  50648 ?        Z      0:00 [sh] <defunct>
  50650 ?        Z      0:00 [sh] <defunct>
  50652 ?        Z      0:00 [sh] <defunct>
  50654 ?        Z      0:00 [sh] <defunct>
  50656 ?        Z      0:00 [sh] <defunct>
  50658 ?        Z      0:00 [sh] <defunct>
  50660 ?        Z      0:00 [sh] <defunct>
  50662 ?        Z      0:00 [sh] <defunct>
  50676 ?        Z      0:00 [sh] <defunct>
  50689 ?        Z      0:00 [sh] <defunct>
  50691 ?        Z      0:00 [sh] <defunct>
  50693 ?        Z      0:00 [sh] <defunct>
  50695 ?        Z      0:00 [sh] <defunct>
  50697 ?        Z      0:00 [sh] <defunct>
  50699 ?        Z      0:00 [sh] <defunct>
  50701 ?        Z      0:00 [sh] <defunct>
  50703 ?        Z      0:00 [sh] <defunct>
  50705 ?        Z      0:00 [sh] <defunct>
  50707 ?        Z      0:00 [sh] <defunct>
  50709 ?        Z      0:00 [sh] <defunct>
  50711 ?        Z      0:00 [sh] <defunct>
  50713 ?        Z      0:00 [sh] <defunct>
  50715 ?        Z      0:00 [sh] <defunct>
  50717 ?        Z      0:00 [sh] <defunct>
  50778 ?        Z      0:00 [sh] <defunct>
  50780 ?        Z      0:00 [sh] <defunct>
  50782 ?        Z      0:00 [sh] <defunct>
  50784 ?        Z      0:00 [sh] <defunct>
  50786 ?        Z      0:00 [sh] <defunct>
  50788 ?        Z      0:00 [sh] <defunct>
  50790 ?        Z      0:00 [sh] <defunct>
  50792 ?        Z      0:00 [sh] <defunct>
  50796 ?        Z      0:00 [sh] <defunct>
  50798 ?        Z      0:00 [sh] <defunct>
  50800 ?        Z      0:00 [sh] <defunct>
  50802 ?        Z      0:00 [sh] <defunct>
  50804 ?        Z      0:00 [sh] <defunct>
  50806 ?        Z      0:00 [sh] <defunct>
  50808 ?        Z      0:00 [sh] <defunct>
  50810 ?        Z      0:00 [sh] <defunct>
  50834 ?        Z      0:00 [sh] <defunct>
  50836 ?        Z      0:00 [sh] <defunct>
  50838 ?        Z      0:00 [sh] <defunct>
  50840 ?        Z      0:00 [sh] <defunct>
  50842 ?        Z      0:00 [sh] <defunct>
  50844 ?        Z      0:00 [sh] <defunct>
  50846 ?        Z      0:00 [sh] <defunct>
  50848 ?        Z      0:00 [sh] <defunct>
  50850 ?        Z      0:00 [sh] <defunct>
  50852 ?        Z      0:00 [sh] <defunct>
  50854 ?        Z      0:00 [sh] <defunct>
  50856 ?        Z      0:00 [sh] <defunct>
  50858 ?        Z      0:00 [sh] <defunct>
  50860 ?        Z      0:00 [sh] <defunct>
  50862 ?        Z      0:00 [sh] <defunct>
  50864 ?        Z      0:00 [sh] <defunct>
  50890 ?        Z      0:00 [sh] <defunct>
  50892 ?        Z      0:00 [sh] <defunct>
  50894 ?        Z      0:00 [sh] <defunct>
  50896 ?        Z      0:00 [sh] <defunct>
  50898 ?        Z      0:00 [sh] <defunct>
  50900 ?        Z      0:00 [sh] <defunct>
  50902 ?        Z      0:00 [sh] <defunct>
  50904 ?        Z      0:00 [sh] <defunct>
  50906 ?        Z      0:00 [sh] <defunct>
  50908 ?        Z      0:00 [sh] <defunct>
  50910 ?        Z      0:00 [sh] <defunct>
  50912 ?        Z      0:00 [sh] <defunct>
  50914 ?        Z      0:00 [sh] <defunct>
  50916 ?        Z      0:00 [sh] <defunct>
  50918 ?        Z      0:00 [sh] <defunct>
  50940 ?        Z      0:00 [sh] <defunct>
  50944 ?        Z      0:00 [sh] <defunct>
  50946 ?        Z      0:00 [sh] <defunct>
  50948 ?        Z      0:00 [sh] <defunct>
  50950 ?        Z      0:00 [sh] <defunct>
  50952 ?        Z      0:00 [sh] <defunct>
  50954 ?        Z      0:00 [sh] <defunct>
  50956 ?        Z      0:00 [sh] <defunct>
  50958 ?        Z      0:00 [sh] <defunct>
  50960 ?        Z      0:00 [sh] <defunct>
  50962 ?        Z      0:00 [sh] <defunct>
  50964 ?        Z      0:00 [sh] <defunct>
  50966 ?        Z      0:00 [sh] <defunct>
  50968 ?        Z      0:00 [sh] <defunct>
  50970 ?        Z      0:00 [sh] <defunct>
  50972 ?        Z      0:00 [sh] <defunct>
  50993 ?        Z      0:00 [sh] <defunct>
  50995 ?        Z      0:00 [sh] <defunct>
  50997 ?        Z      0:00 [sh] <defunct>
  50999 ?        Z      0:00 [sh] <defunct>
  51001 ?        Z      0:00 [sh] <defunct>
  51003 ?        Z      0:00 [sh] <defunct>
  51005 ?        Z      0:00 [sh] <defunct>
  51007 ?        Z      0:00 [sh] <defunct>
  51009 ?        Z      0:00 [sh] <defunct>
  51011 ?        Z      0:00 [sh] <defunct>
  51013 ?        Z      0:00 [sh] <defunct>
  51015 ?        Z      0:00 [sh] <defunct>
  51017 ?        Z      0:00 [sh] <defunct>
  51019 ?        Z      0:00 [sh] <defunct>
  51021 ?        Z      0:00 [sh] <defunct>
  51031 ?        Ss     0:00 /bin/sh -c php /var/www/www-root/data/www/progs.com/artisan schedule:run >> /var/www/www-root/data/www/progs.com/test.log
  51037 ?        S      1:10 php /var/www/www-root/data/www/progs.com/artisan schedule:run
  51092 ?        Z      0:00 [sh] <defunct>
  51096 ?        S      0:00 sh -c '/usr/bin/php8.3' 'artisan' app:tg_parse:specialist > '/var/www/www-root/data/www/progs.com/tg_parse_specialist.log' 2>&1
  51097 ?        S      1:51 /usr/bin/php8.3 artisan app:tg_parse:specialist
  51100 ?        Z      0:00 [sh] <defunct>
  51102 ?        Z      0:00 [sh] <defunct>
  51104 ?        Z      0:00 [sh] <defunct>
  51106 ?        Z      0:00 [sh] <defunct>
  51108 ?        Z      0:00 [sh] <defunct>
  51110 ?        Z      0:00 [sh] <defunct>
  51112 ?        Z      0:00 [sh] <defunct>
  51114 ?        Z      0:00 [sh] <defunct>
  51116 ?        Z      0:00 [sh] <defunct>
  51118 ?        Z      0:00 [sh] <defunct>
  51125 ?        Z      0:00 [sh] <defunct>
  51127 ?        Z      0:00 [sh] <defunct>
  51129 ?        Z      0:00 [sh] <defunct>
  51131 ?        Z      0:00 [sh] <defunct>
  51133 ?        Z      0:00 [sh] <defunct>
  51135 ?        Z      0:00 [sh] <defunct>
  51137 ?        Z      0:00 [sh] <defunct>
  51159 ?        Z      0:00 [sh] <defunct>
  51161 ?        Z      0:00 [sh] <defunct>
  51163 ?        Z      0:00 [sh] <defunct>
  51165 ?        Z      0:00 [sh] <defunct>
  51167 ?        Z      0:00 [sh] <defunct>
  51169 ?        Z      0:00 [sh] <defunct>
  51171 ?        Z      0:00 [sh] <defunct>
  51173 ?        Z      0:00 [sh] <defunct>
  51175 ?        Z      0:00 [sh] <defunct>
  51177 ?        Z      0:00 [sh] <defunct>
  51179 ?        Z      0:00 [sh] <defunct>
  51181 ?        Z      0:00 [sh] <defunct>
  51183 ?        Z      0:00 [sh] <defunct>
  51185 ?        Z      0:00 [sh] <defunct>
  51187 ?        Z      0:00 [sh] <defunct>
  51189 ?        Z      0:00 [sh] <defunct>
  51191 ?        Z      0:00 [sh] <defunct>
  51210 ?        Z      0:00 [sh] <defunct>
  51216 ?        Z      0:00 [sh] <defunct>
  51218 ?        Z      0:00 [sh] <defunct>
  51230 ?        Z      0:00 [sh] <defunct>
  51296 ?        Z      0:00 [sh] <defunct>
  51298 ?        Z      0:00 [sh] <defunct>
  51300 ?        Z      0:00 [sh] <defunct>
  51302 ?        Z      0:00 [sh] <defunct>
  51328 ?        Z      0:00 [sh] <defunct>
  51330 ?        Z      0:00 [sh] <defunct>
  51332 ?        Z      0:00 [sh] <defunct>
  51334 ?        Z      0:00 [sh] <defunct>
  51352 ?        Ss     0:00 /bin/sh -c php /var/www/www-root/data/www/progs.com/artisan schedule:run >> /var/www/www-root/data/www/progs.com/test.log
  51366 ?        S      1:09 php /var/www/www-root/data/www/progs.com/artisan schedule:run
  51396 ?        S      0:00 sh -c '/usr/bin/php8.3' 'artisan' app:tg_parse:specialist > '/var/www/www-root/data/www/progs.com/tg_parse_specialist_5.log' 2>&1
  51397 ?        S      1:52 /usr/bin/php8.3 artisan app:tg_parse:specialist
  51400 ?        Z      0:00 [sh] <defunct>
  51403 ?        Z      0:00 [sh] <defunct>
  51405 ?        Z      0:00 [sh] <defunct>
  51407 ?        Z      0:00 [sh] <defunct>
  51409 ?        Z      0:00 [sh] <defunct>
  51411 ?        Z      0:00 [sh] <defunct>
  51437 ?        Z      0:00 [sh] <defunct>
  51439 ?        Z      0:00 [sh] <defunct>
  51441 ?        Z      0:00 [sh] <defunct>
  51443 ?        Z      0:00 [sh] <defunct>
  51445 ?        Z      0:00 [sh] <defunct>
  51447 ?        Z      0:00 [sh] <defunct>
  51467 ?        Z      0:00 [sh] <defunct>
  51469 ?        Z      0:00 [sh] <defunct>
  51471 ?        Z      0:00 [sh] <defunct>
  51473 ?        Z      0:00 [sh] <defunct>
  51475 ?        Z      0:00 [sh] <defunct>
  51477 ?        Z      0:00 [sh] <defunct>
  51501 ?        Z      0:00 [sh] <defunct>
  51503 ?        Z      0:00 [sh] <defunct>
  51505 ?        Z      0:00 [sh] <defunct>
  51507 ?        Z      0:00 [sh] <defunct>
  51509 ?        Z      0:00 [sh] <defunct>
  51511 ?        Z      0:00 [sh] <defunct>
  51661 ?        Z      0:00 [sh] <defunct>
  51663 ?        Z      0:00 [sh] <defunct>
  51665 ?        Z      0:00 [sh] <defunct>
  51667 ?        Z      0:00 [sh] <defunct>
  51673 ?        Z      0:00 [sh] <defunct>
  51675 ?        Z      0:00 [sh] <defunct>
  51739 ?        Z      0:00 [sh] <defunct>
  51741 ?        Z      0:00 [sh] <defunct>
  51743 ?        Z      0:00 [sh] <defunct>
  51747 ?        Z      0:00 [sh] <defunct>
  51749 ?        Z      0:00 [sh] <defunct>
  51751 ?        Z      0:00 [sh] <defunct>
  51774 ?        Z      0:00 [sh] <defunct>
  51776 ?        Z      0:00 [sh] <defunct>
  51778 ?        Z      0:00 [sh] <defunct>
  51793 ?        Z      0:00 [sh] <defunct>
  51795 ?        Z      0:00 [sh] <defunct>
  51797 ?        Z      0:00 [sh] <defunct>
  51824 ?        Z      0:00 [sh] <defunct>
  51826 ?        Z      0:00 [sh] <defunct>
  51828 ?        Z      0:00 [sh] <defunct>
  51832 ?        Z      0:00 [sh] <defunct>
  51834 ?        Z      0:00 [sh] <defunct>
  51836 ?        Z      0:00 [sh] <defunct>
  51861 ?        Z      0:00 [sh] <defunct>
  51863 ?        Z      0:00 [sh] <defunct>
  51865 ?        Z      0:00 [sh] <defunct>
  51869 ?        Z      0:00 [sh] <defunct>
  51871 ?        Z      0:00 [sh] <defunct>
  51873 ?        Z      0:00 [sh] <defunct>
  51899 ?        Z      0:00 [sh] <defunct>
  51901 ?        Z      0:00 [sh] <defunct>
  51903 ?        Z      0:00 [sh] <defunct>
  51907 ?        Z      0:00 [sh] <defunct>
  51909 ?        Z      0:00 [sh] <defunct>
  51991 ?        Z      0:00 [sh] <defunct>
  51993 ?        Z      0:00 [sh] <defunct>
  51997 ?        Z      0:00 [sh] <defunct>
  51999 ?        Z      0:00 [sh] <defunct>
  52026 ?        Z      0:00 [sh] <defunct>
  52028 ?        Z      0:00 [sh] <defunct>
  52032 ?        Z      0:00 [sh] <defunct>
  52034 ?        Z      0:00 [sh] <defunct>
  52060 ?        Z      0:00 [sh] <defunct>
  52062 ?        Z      0:00 [sh] <defunct>
  52070 ?        Z      0:00 [sh] <defunct>
  52072 ?        Z      0:00 [sh] <defunct>
  52098 ?        Z      0:00 [sh] <defunct>
  52100 ?        Z      0:00 [sh] <defunct>
  52104 ?        Z      0:00 [sh] <defunct>
  52110 ?        Z      0:00 [sh] <defunct>
  52147 ?        Z      0:00 [sh] <defunct>
  52149 ?        Z      0:00 [sh] <defunct>
  52153 ?        Z      0:00 [sh] <defunct>
  52155 ?        Z      0:00 [sh] <defunct>
  52167 ?        Ss     0:00 /bin/sh -c php /var/www/www-root/data/www/progs.com/artisan schedule:run >> /var/www/www-root/data/www/progs.com/test.log
  52184 ?        S      1:09 php /var/www/www-root/data/www/progs.com/artisan schedule:run
  52218 ?        S      0:00 sh -c '/usr/bin/php8.3' 'artisan' app:tg_parse:specialist > '/var/www/www-root/data/www/progs.com/tg_parse_specialist.log' 2>&1
  52219 ?        S      1:52 /usr/bin/php8.3 artisan app:tg_parse:specialist
  52222 ?        Z      0:00 [sh] <defunct>
  52280 ?        Z      0:00 [sh] <defunct>
  52282 ?        Z      0:00 [sh] <defunct>
  52284 ?        Z      0:00 [sh] <defunct>
  52288 ?        Z      0:00 [sh] <defunct>
  52290 ?        Z      0:00 [sh] <defunct>
  52313 ?        Z      0:00 [sh] <defunct>
  52371 ?        Z      0:00 [sh] <defunct>
  52373 ?        Z      0:00 [sh] <defunct>
  52380 ?        Z      0:00 [sh] <defunct>
  52384 ?        Z      0:00 [sh] <defunct>
  52403 ?        Z      0:00 [sh] <defunct>
  52462 ?        Z      0:00 [sh] <defunct>
  52466 ?        Z      0:00 [sh] <defunct>
  52468 ?        Z      0:00 [sh] <defunct>
  52470 ?        Z      0:00 [sh] <defunct>
  52474 ?        Z      0:00 [sh] <defunct>
  52500 ?        Z      0:00 [sh] <defunct>
  52505 ?        Z      0:00 [sh] <defunct>
  52511 ?        Z      0:00 [sh] <defunct>
  52525 ?        Z      0:00 [sh] <defunct>
  54430 ?        Ss     0:00 /bin/sh -c php /var/www/www-root/data/www/progs.com/artisan schedule:run >> /var/www/www-root/data/www/progs.com/test.log
  54435 ?        S      1:05 php /var/www/www-root/data/www/progs.com/artisan schedule:run
  54477 ?        S      0:00 sh -c '/usr/bin/php8.3' 'artisan' app:tg_parse:specialist > '/var/www/www-root/data/www/progs.com/tg_parse_specialist_5.log' 2>&1
  54478 ?        S      1:44 /usr/bin/php8.3 artisan app:tg_parse:specialist
  54732 ?        Z      0:00 [sh] <defunct>
  54736 ?        S      0:00 sh -c '/usr/bin/php8.3' '-dhtml_errors=0' '-ddisplay_errors=0' '-dlog_errors=1' '/var/www/www-root/data/www/progs.com/vendor/danog/madelineproto/src/Ipc/Runner/entry.php' 'madeline-ipc' '/var/www/www-root/data/www/progs.com/session.madeline' '310531608'
  54737 ?        Ss     3:02 MadelineProto worker /var/www/www-root/data/www/progs.com/session.madeline
  57455 ?        Ss     0:00 /bin/sh -c php /var/www/www-root/data/www/progs.com/artisan schedule:run >> /var/www/www-root/data/www/progs.com/test.log
  57459 ?        S      1:02 php /var/www/www-root/data/www/progs.com/artisan schedule:run
  57488 ?        S      0:00 sh -c '/usr/bin/php8.3' 'artisan' app:tg_parse:specialist > '/var/www/www-root/data/www/progs.com/tg_parse_specialist.log' 2>&1
  57489 ?        S      1:46 /usr/bin/php8.3 artisan app:tg_parse:specialist
  57492 ?        Z      0:00 [sh] <defunct>
  57494 ?        Z      0:00 [sh] <defunct>
  57516 ?        Z      0:00 [sh] <defunct>
  57518 ?        Z      0:00 [sh] <defunct>
  57543 ?        Z      0:00 [sh] <defunct>
  57623 ?        Z      0:00 [sh] <defunct>
  57632 ?        Z      0:00 [sh] <defunct>
  57657 ?        Z      0:00 [sh] <defunct>
  57659 ?        Z      0:00 [sh] <defunct>
  57675 ?        Ss     0:00 /bin/sh -c php /var/www/www-root/data/www/progs.com/artisan schedule:run >> /var/www/www-root/data/www/progs.com/test.log
  57689 ?        S      1:01 php /var/www/www-root/data/www/progs.com/artisan schedule:run
  57720 ?        S      0:00 sh -c '/usr/bin/php8.3' 'artisan' app:tg_parse:specialist > '/var/www/www-root/data/www/progs.com/tg_parse_specialist_5.log' 2>&1
  57721 ?        S      0:17 /usr/bin/php8.3 artisan app:tg_parse:specialist
  57724 ?        Z      0:00 [sh] <defunct>
  57728 ?        Z      0:00 [sh] <defunct>
  58128 ?        Z      0:00 [sh] <defunct>
  58200 ?        Z      0:00 [sh] <defunct>
  58202 ?        Z      0:00 [sh] <defunct>
  58230 ?        Z      0:00 [sh] <defunct>
  58299 ?        Z      0:00 [sh] <defunct>
  58356 ?        Z      0:00 [sh] <defunct>
  58376 ?        Z      0:00 [sh] <defunct>
  58433 ?        Z      0:00 [sh] <defunct>
  58500 ?        Z      0:00 [sh] <defunct>
  58569 ?        Z      0:00 [sh] <defunct>
  58589 ?        Z      0:00 [sh] <defunct>
  58682 ?        Z      0:00 [sh] <defunct>
  58791 ?        Z      0:00 [sh] <defunct>
  58877 ?        Z      0:00 [sh] <defunct>
  58895 ?        Z      0:00 [sh] <defunct>
  58995 ?        Z      0:00 [sh] <defunct>
  59050 ?        Z      0:00 [sh] <defunct>
  59091 ?        Z      0:00 [sh] <defunct>
  59145 ?        Z      0:00 [sh] <defunct>
  59342 ?        Z      0:00 [sh] <defunct>
  59362 ?        Z      0:00 [sh] <defunct>
  59418 ?        Z      0:00 [sh] <defunct>
  59526 ?        Z      0:00 [sh] <defunct>
  59606 ?        Z      0:00 [sh] <defunct>
  59626 ?        Z      0:00 [sh] <defunct>
  59760 ?        Z      0:00 [sh] <defunct>
  59890 ?        Z      0:00 [sh] <defunct>
  59913 ?        Z      0:00 [sh] <defunct>
  60004 ?        Z      0:00 [sh] <defunct>
  60053 ?        Z      0:00 [sh] <defunct>
  60123 ?        Z      0:00 [sh] <defunct>
  60198 ?        Z      0:00 [sh] <defunct>
  60207 ?        Z      0:00 [sh] <defunct>
  60328 ?        Z      0:00 [sh] <defunct>
  60344 ?        Z      0:00 [sh] <defunct>
  60371 ?        Z      0:00 [sh] <defunct>
  60549 ?        Z      0:00 [sh] <defunct>
  60567 ?        Z      0:00 [sh] <defunct>
  60598 ?        Z      0:00 [sh] <defunct>
  60671 ?        Z      0:00 [sh] <defunct>
  60849 ?        Z      0:00 [sh] <defunct>
  60870 ?        Z      0:00 [sh] <defunct>
  60948 ?        Z      0:00 [sh] <defunct>
  60966 ?        Z      0:00 [sh] <defunct>
  61063 ?        Z      0:00 [sh] <defunct>
  61134 ?        Z      0:00 [sh] <defunct>
  61153 ?        Z      0:00 [sh] <defunct>
  61220 ?        Z      0:00 [sh] <defunct>
  61241 ?        Z      0:00 [sh] <defunct>
  61341 ?        Z      0:00 [sh] <defunct>
  61410 ?        Z      0:00 [sh] <defunct>
  61436 ?        Z      0:00 [sh] <defunct>
  61560 ?        Z      0:00 [sh] <defunct>
  61618 ?        Z      0:00 [sh] <defunct>
  61696 ?        Z      0:00 [sh] <defunct>
  61726 ?        Z      0:00 [sh] <defunct>
  61821 ?        Z      0:00 [sh] <defunct>
  61953 ?        Z      0:00 [sh] <defunct>
  62008 ?        Z      0:00 [sh] <defunct>
  62065 ?        Z      0:00 [sh] <defunct>
  79095 ?        Ss     0:00 /lib/systemd/systemd --user
  79096 ?        S      0:00 (sd-pam)
  79175 ?        S      0:00 sshd: www-root@pts/0
  79176 pts/0    Ss     0:00 -bash
  79282 pts/0    R+     0:00 ps -x
